// Jest Snapshot v1, https://goo.gl/fbAQLP

exports[`LabelList 테스트 시작 렌더링된 스냅샷이 기존과 일치해야 한다. 1`] = `
<body>
  <div>
    <div
      class="label-list"
    >
      <div
        class="label-list-controller"
      >
        <span>
          Labels
        </span>
        <button
          class="btn label-list-btn"
          type="button"
        >
          <img
            alt="arrow-left"
            class="label-list-btn-img"
            src="arrow-left.png"
          />
        </button>
      </div>
      <ul
        class="label-list-root"
        style="display: block;"
      >
        
                
        <li
          class="label-info btn"
          data-id="0"
          data-testid="testLabelInfo"
        >
          
                    
          <p
            class="label-class"
          >
            sea
          </p>
          
                    
          <p
            class="label-coordinate"
          >
            
                        (10, 20)
                        (110, 20)
                        (110, 70)
                        (10, 70)
                    
          </p>
          
                
        </li>
        
            
                
        <li
          class="label-info btn active"
          data-id="1"
          data-testid="testLabelInfo"
        >
          
                    
          <p
            class="label-class"
          >
            woods
          </p>
          
                    
          <p
            class="label-coordinate"
          >
            
                        (10, 20)
                        (110, 20)
                        (110, 70)
                        (10, 70)
                    
          </p>
          
                
        </li>
        
            
                
        <li
          class="label-info btn"
          data-id="2"
          data-testid="testLabelInfo"
        >
          
                    
          <p
            class="label-class"
          >
            building
          </p>
          
                    
          <p
            class="label-coordinate"
          >
            
                        (10, 20)
                        (110, 20)
                        (110, 70)
                        (10, 70)
                    
          </p>
          
                
        </li>
        
            
      </ul>
    </div>
  </div>
</body>
`;
