// Jest Snapshot v1, https://goo.gl/fbAQLP

exports[`AnnotatorHome 테스트 시작 렌더링된 스냅샷이 기존과 일치해야 한다. 1`] = `
<div
  className="home"
>
  <div
    className="home-title"
  >
    <h1>
      Annotator Home
    </h1>
  </div>
  <div
    className="home-content"
  >
    <Connect(CardList) />
  </div>
</div>
`;
